// 重构日志: 2d60b3dc
// 重构日志: f25d801d
// 重构日志: b1d9b93a
// 重构日志: 538635f8
// 重构日志: d739f4bb
// 重构日志: 625eb455
// 重构日志: 6def85c2
// 重构日志: 2e7d23d8
// 重构日志: 22298ea4
// 同步 ID: dd5446a1 @ Sun Jul 19 17:46:43 UTC 2026
// 同步 ID: a64b0869 @ Sun Jul 19 18:20:58 UTC 2026
// 同步 ID: c6d0dae8 @ Mon Jul 20 03:16:41 UTC 2026
// 同步 ID: c5a959d0 @ Mon Jul 20 12:21:03 UTC 2026
// 同步 ID: 6751dfda @ Wed Jul 22 02:03:08 UTC 2026
// 同步 ID: 8a5ac90d @ Wed Jul 22 06:35:05 UTC 2026
// 重构日志: f5135c8b
// 同步 ID: a117a49a @ Wed Jul 22 17:50:51 UTC 2026
// 同步 ID: f1165934 @ Thu Jul 23 08:16:20 UTC 2026
// 同步 ID: 13287508 @ Thu Jul 23 15:55:09 UTC 2026
// 重构日志: 513cf95a
// 重构日志: b674e831
// 重构日志: 2d7f0259
// 重构日志: f26dba91
// 同步 ID: 994a0be9 @ Sun Jul 26 06:55:03 UTC 2026
// 同步 ID: 5053aaaa @ Sun Jul 26 09:38:26 UTC 2026
// 重构日志: af1f71bd
// 重构日志: e9ab20e6
// 重构日志: 8c282877
// 重构日志: 64bb1869
// 同步 ID: 7007f233 @ Thu Jul 30 02:15:05 UTC 2026
// 重构日志: ecaa550e
